/blog/kejs-kak-dom-ru-uvelichil-konversiyu-sajta-na-30-s-pomoshhyu-carrot-quest/	                                                    /blog/case-dom-ru-konversii/;
/blog/kak-organizovana-sluzhba-podderzhki-v-modulbank-i-pochemu-oni-ne-boyatsya-davat-obeshhaniya-o-skorosti-otveta/	                /blog/case-modulbank/;
/blog/kejs-nastraivaem-lidogeneraciyu-v-internet-magazine-i-podnimaem-prodazhi-na-28/	                                                /blog/case-lidogeneraciya/;
/blog/kejs-avtomatizacii-uvelichivaem-konversiyu-v-lida-v-sfere-nedvizhimosti-na-78/	                                                /blog/case-spk/;
/blog/zhiznenno-vazhnye-metriki-sluzhby-podderzhki-kotorye-stoit-nachat-izmeryat-uzhe-segodnya/	                                        /blog/metriki-tekhpodderzhki/;
/blog/kak-delat-dop-prodazhi-i-ne-byt-slishkom-navyazchivym/	                                                                        /blog/dop-prodazhi/;
/blog/5-opasnyx-posledstvij-ploxoj-podderzhki-polzovatelej-i-kak-etogo-ne-dopustit/	                                                    /blog/5-posledstvij-plohoj-podderzhki/;
/blog/kak-ukrepit-otnosheniya-s-polzovatelem-cherez-welcome-pisma/	                                                                    /blog/welcome-pisma/;
/blog/ya-sobral-informaciyu-o-polzovatelyax-chto-s-nej-delat-dalshe/	                                                                /blog/informaciya-o-polzovatelyah-chto-s-nej-delat/;
/blog/kejs-kak-vnedryali-soglasovyvali-proekt-po-avtomatizacii-marketinga-s-dom-ru/	                                                    /blog/case-dom-ru-avtomatizaciya-marketinga/;
/blog/4-texniki-lidskoringa-kotorye-vy-mozhete-ispolzovat-v-avtomatizacii-marketinga/	                                                /blog/4-tekhniki-lidskoringa/;
/blog/kak-zafakapit-2-proekta-vnedreniya-carrot-quest-v-saas-servisy-i-xot-chemu-to-nakonec-nauchitsya/	                                /blog/anticase-2-proekta-vnedreniya-saas/;
/blog/kak-chat-na-sajte-pomog-zaklyuchit-sdelku-na-13-millionov-rublej/	                                                                /blog/case-it-broker/;
/blog/prodayushhij-email-marketing-glavnaya-metrika-o-kotoroj-vy-blagopoluchno-zabyli/	                                                /blog/prodayushhij-email-marketing/;
/blog/kak-vernut-klientov-pochemu-nelzya-otpuskat-esli-lyubish/	/blog/kak-vernut-klientov/;
/blog/5-prostyx-strategij-email-remarketinga-dlya-povysheniya-ltv/	/blog/5-strategij-email-remarketinga/;
/blog/nachinaete-s-nulya-kak-novym-sajtam-privlech-polzovatelej/	/blog/kak-novym-sajtam-privlech-polzovatelej/;
/blog/prevrashhajte-novichkov-v-samyx-aktivnyx-polzovatelej-s-pomoshhyu-segmentacii-po-zhiznennomu-ciklu/	/blog/segmentaciya-po-zhiznennomu-ciklu/;
/blog/zhizn-za-predelami-emejlov-kak-avtomaticheski-podogrevat-polzovatelej-cherez-razlichnye-kanaly/	/blog/kak-avtomaticheski-podogrevat-polzovatelej/;
/blog/kak-za-3-shaga-opredelit-goryachix-lidov-chtoby-sdelat-prodazhu-i-pochemu-95-kompanij-etogo-ne-umeyut/	/blog/kak-opredelit-goryachix-lidov/;
/blog/google-chrome-blokiruet-nazojlivuyu-reklamu-na-sajtax/	/blog/google-chrome-blokiruet-reklamu/;
/blog/statistika-a-b-testov-na-chto-smotret-chtoby-ponyat-kakoj-variant-vyigral/	/blog/statistika-a-b-testov/;
/blog/10-luchshix-scenariev-avtomatizacii-marketinga-dlya-internet-magazinov/	/blog/10-scenariev-avtomatizacii-marketinga/;
/blog/nil-patel-o-znachimosti-preimushhestvax-email-marketinga/	/blog/nil-patel-o-email-marketinge/;
/blog/issledovanie-opredelit-samye-pribylnye-emejl-kampanii-v-e-commerce/	/blog/kak-opredelit-samye-pribylnye-emejl-kampanii/;
/blog/triggernyj-email-kak-straxovka-ot-polnoj-poteri-klientov/	/blog/triggernyj-email/;
/blog/polzovatel-ne-ostavil-email-9-primerov-kak-ego-uderzhat-i-dovesti-do-pokupki/	/blog/9-primerov-kak-uderzhat-polzovatelya-na-saite/;
/blog/kak-krupnye-internet-magaziny-nerabotayut-s-broshennymi-korzinami-i-teryayut-prodazhi/	/blog/broshennye-korziny/;
/blog/3-metriki-kotorye-nado-znat-pered-tem-kak-tratit-vremya-na-ab-testy/	/blog/3-metriki-pered-a-b-testami/;
/blog/5-otlichnyx-kejsov-o-tom-kak-ab-testy-pomogayut-kompaniyam/	/blog/5-kejsov-a-b-testov/;
/blog/prostaya-no-effektivnaya-segmentaciya-lidov-dlya-maksimizacii-prodazh/	/blog/prostaya-segmentaciya-lidov/;
/blog/aktivacionnye-pisma-kak-donesti-cennost-vashego-produkta-do-polzovatelya-i-podnyat-ego-ltv/	/blog/aktivacionnye-pisma/;
/blog/gajd-po-avtomatizacii-marketinga-dlya-rukovoditelej-i-marketologov/	/blog/gajd-po-avtomatizacii-marketinga/;
/blog/otricatelnyj-ottok-klientov-eto-kruto-chto-eto-kak-ego-dostich/	/blog/otricatelnyj-ottok-klientov/;
/blog/u-vas-est-sajt-kak-s-1-iyulya-ne-poluchit-75-000-r-shtraf-razbiraemsya/	/blog/kak-s-1-iyulya-ne-poluchit-shtraf-75000-za-sayt/;
/blog/3-ux-ulovki-dlya-uvelicheniya-povtornyx-prodazh-bez-peredelki-sajta/	/blog/3-ux-ulovki-dlya-povtornyx-prodazh/;
/blog/6-veshhej-kotorye-vy-dolzhny-znat-pro-multikanalnuyu-podderzhku/	/blog/multikanalnuya-podderzhka/;
/blog/avtomatizaciya-marketinga-v-e-commerce-9-primerov-ispolzovaniya/	/blog/avtomatizaciya-marketinga-v-e-commerce/;
/blog/kak-veb-studiya-za-4-shaga-uvelichila-kolichestvo-zayavok-v-25-raza-i-povysila-srednij-chek/	/blog/case-web-studiya/;
/blog/6-psixologicheskix-fishek-v-prodazhax-kotorye-pomogut-vam-vyjti-na-novyj-uroven/	/blog/6-psikhologicheskikh-fishek-v-prodazhakh/;
/blog/7-glavnyx-punktov-dlya-sozdaniya-effektivnoj-komandy-podderzhki/	/blog/7-punktov-dlya-sozdaniya-komandy-podderzhki/;
/blog/kak-za-20-minut-my-zapustili-akciyu-s-podarkami-i-dopolnitelno-zarabotali-dlya-klienta-52-500-rublej-uzhe-za-pervye-tri-dnya/	/blog/case-podarki/;
/blog/mikrokonversii-nedoocenyonnye-malenkie-shagi-na-puti-k-klientu/	/blog/mikrokonversii/;
/blog/prodayushhij-chat-kak-uvelichit-prodazhi-na-sajte-s-pomoshhyu-chata/	/blog/prodayushhij-chat/;
/blog/kak-avtomatizaciya-pomogla-veb-servisu-povysit-konversiyu/	/blog/case-saas/;
/blog/samoe-vazhnoe-ob-inbound-marketinge-kak-privlekat-i-uderzhivat-klientov/	/blog/inbound-marketing/;
/blog/kakie-dannye-nuzhno-sobirat-o-lidax-chtoby-sdelat-prodazhu-s-veroyatnostyu-v-90/	/blog/kakie-dannye-sobirat-o-lidax/;
/blog/knowledge-base-kak-podderzat-polzovatelei-bez-pomochi-podderzki/	/blog/knowledge-base/;
/blog/kak-sdelat-analiz-prodayushhego-lendinga-za-10-minut-i-vernut-1000-pokupatelej-chast-1/	/blog/case-analiz-prodayushhego-lendinga/;
/blog/vnedrenie-avtomatizacii-marketinga-kak-organizovat-rabotu-nad-krupnymi-proektami/	/blog/vnedrenie-avtomatizacii-marketinga/;
/blog/kak-internet-magaziny-audiotexniki-teryayut-klientov-kak-eto-ispravit/	/blog/internet-magaziny-audiotexniki-teryayut-klientov/;
/blog/kak-sdelat-e-mejl-rassylki-v-5-raz-proshhe-i-v-5-raz-bystree/	/blog/e-mejl-rassylki-proshhe-i-bystree/;
/blog/38-prodazh-za-schet-onlajn-konsultanta-dlya-sajta-kak-dobitsya-takogo-pokazatelya/	/blog/prodazhi-za-schet-onlajn-konsultanta/;
/blog/kak-ispolzovat-informaciyu-o-klientax-v-avtomatizirovannom-marketinge/	/blog/informaciya-o-klientax-v-avtomatizirovannom-marketinge/;
/blog/kak-organizovat-rabotu-komandy-opyt-metodologii-scrum-v-carrot-quest/	/blog/kak-organizovat-rabotu-komandy/;
/blog/kak-sozdat-unikalnoe-torgovoe-predlozhenie-utp-poluchit-lidy/	/blog/kak-sozdat-utp/;
/blog/karta_ecommerce/	/blog/karta-ecommerce/;
/blog/case_mofylife/	/blog/case-mofylife/;
/blog/case_skyshop/	/blog/case-skyshop/;